Processing esp32-p4 (platform: espressif32; board: esp32-p4; framework: arduino, espidf)
--------------------------------------------------------------------------------
Verbose mode can be enabled via `-v, --verbose` option
CONFIGURATION: https://docs.platformio.org/page/boards/espressif32/esp32-p4.html
PLATFORM: Espressif 32 (55.3.31) > Espressif ESP32-P4 generic
HARDWARE: ESP32P4 360MHz, 320KB RAM, 4MB Flash
DEBUG: Current (cmsis-dap) External (cmsis-dap, esp-bridge, esp-builtin, esp-prog, iot-bus-jtag, jlink, minimodule, olimex-arm-usb-ocd, olimex-arm-usb-ocd-h, olimex-arm-usb-tiny-h, olimex-jtag-tiny, tumpa)
PACKAGES: 
 - contrib-piohome @ 3.4.4 
 - framework-arduinoespressif32 @ 3.3.0 
 - framework-arduinoespressif32-libs @ 5.5.0+sha.129cd0d247 
 - framework-espidf @ 3.50501.0 (5.5.1) 
 - tool-cmake @ 4.0.3 
 - tool-esp-rom-elfs @ 2024.10.11 
 - tool-esptoolpy @ 5.1.0 
 - tool-mklittlefs @ 3.2.0 
 - tool-ninja @ 1.13.1 
 - tool-scons @ 4.40801.0 (4.8.1) 
 - toolchain-riscv32-esp @ 14.2.0+20241119
Reading CMake configuration...
LDF: Library Dependency Finder -> https://bit.ly/configure-pio-ldf
LDF Modes: Finder ~ chain, Compatibility ~ soft
Found 47 compatible libraries
Scanning dependencies...
Dependency Graph
|-- GFX Library for Arduino @ 1.6.6+sha.dd977b7
|-- ArduinoJson @ 7.4.3
|-- LittleFS @ 3.3.0
|-- Ethernet @ 3.3.0
|-- Networking @ 3.3.0
|-- WiFi @ 3.3.0
|-- Preferences @ 3.3.0
|-- lvgl @ 9.3.0
|-- displays
Building in release mode
Compiling .pio/build/esp32-p4/src/ksmart/screens/ui_ScreenWpa.c.o
In file included from src/ksmart/screens/ui_ScreenWpa.c:1:
src/ksmart/screens/../services/network/ks_network_service.h:12:9: warning: "MAX_NETWORKS" redefined
   12 | #define MAX_NETWORKS 20
      |         ^~~~~~~~~~~~
In file included from src/ksmart/screens/../services/network/../../core/ks_app_types.h:4,
                 from src/ksmart/screens/../services/network/ks_network_service.h:10:
src/ksmart/screens/../services/network/../../core/ks_app_config.h:78:9: note: this is the location of the previous definition
   78 | #define MAX_NETWORKS 10
      |         ^~~~~~~~~~~~
src/ksmart/screens/../services/network/ks_network_service.h:13:9: warning: "IP_SIZE" redefined
   13 | #define IP_SIZE 16
      |         ^~~~~~~
src/ksmart/screens/../services/network/../../core/ks_app_config.h:68:9: note: this is the location of the previous definition
   68 | #define IP_SIZE 64
      |         ^~~~~~~
src/ksmart/screens/../services/network/ks_network_service.h:14:9: warning: "WIFI_INTERFACE_NAME" redefined
   14 | #define WIFI_INTERFACE_NAME "WIFI"
      |         ^~~~~~~~~~~~~~~~~~~
src/ksmart/screens/../services/network/../../core/ks_app_config.h:20:9: note: this is the location of the previous definition
   20 | #define WIFI_INTERFACE_NAME "wlan0"
      |         ^~~~~~~~~~~~~~~~~~~
Compiling .pio/build/esp32-p4/src/ksmart/services/network/ks_network_service.cpp.o
In file included from src/ksmart/services/network/ks_network_service.cpp:1:
src/ksmart/services/network/ks_network_service.h:12:9: warning: "MAX_NETWORKS" redefined
   12 | #define MAX_NETWORKS 20
      |         ^~~~~~~~~~~~
In file included from src/ksmart/services/network/../../core/ks_app_types.h:4,
                 from src/ksmart/services/network/ks_network_service.h:10:
src/ksmart/services/network/../../core/ks_app_config.h:78:9: note: this is the location of the previous definition
   78 | #define MAX_NETWORKS 10
      |         ^~~~~~~~~~~~
src/ksmart/services/network/ks_network_service.h:13:9: warning: "IP_SIZE" redefined
   13 | #define IP_SIZE 16
      |         ^~~~~~~
src/ksmart/services/network/../../core/ks_app_config.h:68:9: note: this is the location of the previous definition
   68 | #define IP_SIZE 64
      |         ^~~~~~~
src/ksmart/services/network/ks_network_service.h:14:9: warning: "WIFI_INTERFACE_NAME" redefined
   14 | #define WIFI_INTERFACE_NAME "WIFI"
      |         ^~~~~~~~~~~~~~~~~~~
src/ksmart/services/network/../../core/ks_app_config.h:20:9: note: this is the location of the previous definition
   20 | #define WIFI_INTERFACE_NAME "wlan0"
      |         ^~~~~~~~~~~~~~~~~~~
src/ksmart/screens/ui_ScreenWpa.c:19:12: error: static declaration of 'last_network_count' follows non-static declaration
   19 | static int last_network_count = -1;
      |            ^~~~~~~~~~~~~~~~~~
src/ksmart/screens/../services/network/ks_network_service.h:18:12: note: previous declaration of 'last_network_count' with type 'int'
   18 | extern int last_network_count;
      |            ^~~~~~~~~~~~~~~~~~
src/ksmart/services/network/ks_network_service.cpp:275:5: error: ambiguating new declaration of 'int wifi_scanning_ssid()'
  275 | int wifi_scanning_ssid(void) {
      |     ^~~~~~~~~~~~~~~~~~
src/ksmart/services/network/ks_network_service.h:35:6: note: old declaration 'void wifi_scanning_ssid()'
   35 | void wifi_scanning_ssid(void);
      |      ^~~~~~~~~~~~~~~~~~
*** [.pio/build/esp32-p4/src/ksmart/screens/ui_ScreenWpa.c.o] Error 1
*** [.pio/build/esp32-p4/src/ksmart/services/network/ks_network_service.cpp.o] Error 1
========================= [FAILED] Took 13.19 seconds =========================
